// Jest Snapshot v1, https://goo.gl/fbAQLP

exports[` Should render question 1`] = `"<div><h1>Are you at least trying?</h1><div data-testid=\\"answer_a\\"><button>Yes</button></div><div data-testid=\\"answer_b\\"><button>I am!</button></div><div data-testid=\\"answer_c\\"><button>I'm trying my best</button></div><div data-testid=\\"answer_d\\"><button>no</button></div></div>"`;
